[    0.000000] Linux version 4.15.0-121-generic (buildd@lgw01-amd64-034) (gcc version 7.5.0 (Ubuntu 7.5.0-3ubuntu1~18.04)) #123-Ubuntu SMP Mon Oct 5 16:16:40 UTC 2020 (Ubuntu 4.15.0-121.123-generic 4.15.18)
[    0.000000] Command line: BOOT_IMAGE=/boot/vmlinuz-4.15.0-121-generic root=LABEL=cloudimg-rootfs ro console=tty1 console=ttyS0
[    0.000000] KERNEL supported cpus:
[    0.000000]   Intel GenuineIntel
[    0.000000]   AMD AuthenticAMD
[    0.000000]   Centaur CentaurHauls
[    0.000000] x86/fpu: Supporting XSAVE feature 0x001: 'x87 floating point registers'
[    0.000000] x86/fpu: Supporting XSAVE feature 0x002: 'SSE registers'
[    0.000000] x86/fpu: Supporting XSAVE feature 0x004: 'AVX registers'
[    0.000000] x86/fpu: xstate_offset[2]:  576, xstate_sizes[2]:  256
[    0.000000] x86/fpu: Enabled xstate features 0x7, context size is 832 bytes, using 'standard' format.
[    0.000000] e820: BIOS-provided physical RAM map:
[    0.000000] BIOS-e820: [mem 0x0000000000000000-0x000000000009fbff] usable
[    0.000000] BIOS-e820: [mem 0x000000000009fc00-0x000000000009ffff] reserved
[    0.000000] BIOS-e820: [mem 0x00000000000f0000-0x00000000000fffff] reserved
[    0.000000] BIOS-e820: [mem 0x0000000000100000-0x000000003ffeffff] usable
[    0.000000] BIOS-e820: [mem 0x000000003fff0000-0x000000003fffffff] ACPI data
[    0.000000] BIOS-e820: [mem 0x00000000fec00000-0x00000000fec00fff] reserved
[    0.000000] BIOS-e820: [mem 0x00000000fee00000-0x00000000fee00fff] reserved
[    0.000000] BIOS-e820: [mem 0x00000000fffc0000-0x00000000ffffffff] reserved
[    0.000000] NX (Execute Disable) protection: active
[    0.000000] SMBIOS 2.5 present.
[    0.000000] DMI: innotek GmbH VirtualBox/VirtualBox, BIOS VirtualBox 12/01/2006
[    0.000000] Hypervisor detected: KVM
[    0.000000] e820: last_pfn = 0x3fff0 max_arch_pfn = 0x400000000
[    0.000000] MTRR: Disabled
[    0.000000] x86/PAT: MTRRs disabled, skipping PAT initialization too.
[    0.000000] CPU MTRRs all blank - virtualized system.
[    0.000000] x86/PAT: Configuration [0-7]: WB  WT  UC- UC  WB  WT  UC- UC  
[    0.000000] found SMP MP-table at [mem 0x0009fff0-0x0009ffff]
[    0.000000] Scanning 1 areas for low memory corruption
[    0.000000] RAMDISK: [mem 0x35a63000-0x36d28fff]
[    0.000000] ACPI: Early table checksum verification disabled
[    0.000000] ACPI: RSDP 0x00000000000E0000 000024 (v02 VBOX  )
[    0.000000] ACPI: XSDT 0x000000003FFF0030 00003C (v01 VBOX   VBOXXSDT 00000001 ASL  00000061)
[    0.000000] ACPI: FACP 0x000000003FFF00F0 0000F4 (v04 VBOX   VBOXFACP 00000001 ASL  00000061)
[    0.000000] ACPI: DSDT 0x000000003FFF0470 002325 (v02 VBOX   VBOXBIOS 00000002 INTL 20100528)
[    0.000000] ACPI: FACS 0x000000003FFF0200 000040
[    0.000000] ACPI: FACS 0x000000003FFF0200 000040
[    0.000000] ACPI: APIC 0x000000003FFF0240 00005C (v02 VBOX   VBOXAPIC 00000001 ASL  00000061)
[    0.000000] ACPI: SSDT 0x000000003FFF02A0 0001CC (v01 VBOX   VBOXCPUT 00000002 INTL 20100528)
[    0.000000] No NUMA configuration found
[    0.000000] Faking a node at [mem 0x0000000000000000-0x000000003ffeffff]
[    0.000000] NODE_DATA(0) allocated [mem 0x3ffc5000-0x3ffeffff]
[    0.000000] kvm-clock: cpu 0, msr 0:3ff44001, primary cpu clock
[    0.000000] kvm-clock: Using msrs 4b564d01 and 4b564d00
[    0.000000] kvm-clock: using sched offset of 3879900671 cycles
[    0.000000] clocksource: kvm-clock: mask: 0xffffffffffffffff max_cycles: 0x1cd42e4dffb, max_idle_ns: 881590591483 ns
[    0.000000] Zone ranges:
[    0.000000]   DMA      [mem 0x0000000000001000-0x0000000000ffffff]
[    0.000000]   DMA32    [mem 0x0000000001000000-0x000000003ffeffff]
[    0.000000]   Normal   empty
[    0.000000]   Device   empty
[    0.000000] Movable zone start for each node
[    0.000000] Early memory node ranges
[    0.000000]   node   0: [mem 0x0000000000001000-0x000000000009efff]
[    0.000000]   node   0: [mem 0x0000000000100000-0x000000003ffeffff]
[    0.000000] Reserved but unavailable: 98 pages
[    0.000000] Initmem setup node 0 [mem 0x0000000000001000-0x000000003ffeffff]
[    0.000000] ACPI: PM-Timer IO Port: 0x4008
[    0.000000] IOAPIC[0]: apic_id 2, version 32, address 0xfec00000, GSI 0-23
[    0.000000] ACPI: INT_SRC_OVR (bus 0 bus_irq 0 global_irq 2 dfl dfl)
[    0.000000] ACPI: INT_SRC_OVR (bus 0 bus_irq 9 global_irq 9 low level)
[    0.000000] Using ACPI (MADT) for SMP configuration information
[    0.000000] smpboot: Allowing 2 CPUs, 0 hotplug CPUs
[    0.000000] PM: Registered nosave memory: [mem 0x00000000-0x00000fff]
[    0.000000] PM: Registered nosave memory: [mem 0x0009f000-0x0009ffff]
[    0.000000] PM: Registered nosave memory: [mem 0x000a0000-0x000effff]
[    0.000000] PM: Registered nosave memory: [mem 0x000f0000-0x000fffff]
[    0.000000] e820: [mem 0x40000000-0xfebfffff] available for PCI devices
[    0.000000] Booting paravirtualized kernel on KVM
[    0.000000] clocksource: refined-jiffies: mask: 0xffffffff max_cycles: 0xffffffff, max_idle_ns: 7645519600211568 ns
[    0.000000] random: get_random_bytes called from start_kernel+0x99/0x500 with crng_init=0
[    0.000000] setup_percpu: NR_CPUS:8192 nr_cpumask_bits:2 nr_cpu_ids:2 nr_node_ids:1
[    0.000000] percpu: Embedded 45 pages/cpu s147456 r8192 d28672 u1048576
[    0.000000] PV qspinlock hash table entries: 256 (order: 0, 4096 bytes)
[    0.000000] Built 1 zonelists, mobility grouping on.  Total pages: 257913
[    0.000000] Policy zone: DMA32
[    0.000000] Kernel command line: BOOT_IMAGE=/boot/vmlinuz-4.15.0-121-generic root=LABEL=cloudimg-rootfs ro console=tty1 console=ttyS0
[    0.000000] Memory: 983024K/1048120K available (12300K kernel code, 2482K rwdata, 4272K rodata, 2436K init, 2724K bss, 65096K reserved, 0K cma-reserved)
[    0.000000] SLUB: HWalign=64, Order=0-3, MinObjects=0, CPUs=2, Nodes=1
[    0.000000] Kernel/User page tables isolation: enabled
[    0.000000] ftrace: allocating 39402 entries in 154 pages
[    0.004000] Hierarchical RCU implementation.
[    0.004000] 	RCU restricting CPUs from NR_CPUS=8192 to nr_cpu_ids=2.
[    0.004000] 	Tasks RCU enabled.
[    0.004000] RCU: Adjusting geometry for rcu_fanout_leaf=16, nr_cpu_ids=2
[    0.004000] NR_IRQS: 524544, nr_irqs: 440, preallocated irqs: 16
[    0.004000] Console: colour VGA+ 80x25
[    0.004000] console [tty1] enabled
[    0.004000] console [ttyS0] enabled
[    0.004000] ACPI: Core revision 20170831
[    0.004000] ACPI: 2 ACPI AML tables successfully acquired and loaded
[    0.004000] APIC: Switch to symmetric I/O mode setup
[    0.004000] x2apic enabled
[    0.004000] Switched APIC routing to physical x2apic.
[    0.004000] ..TIMER: vector=0x30 apic1=0 pin1=2 apic2=-1 pin2=-1
[    0.004004] tsc: Detected 2903.998 MHz processor
[    0.004841] Calibrating delay loop (skipped) preset value.. 5807.99 BogoMIPS (lpj=11615992)
[    0.005488] pid_max: default: 32768 minimum: 301
[    0.008027] Security Framework initialized
[    0.008779] Yama: becoming mindful.
[    0.009444] AppArmor: AppArmor initialized
[    0.011320] Dentry cache hash table entries: 131072 (order: 8, 1048576 bytes)
[    0.012044] Inode-cache hash table entries: 65536 (order: 7, 524288 bytes)
[    0.013266] Mount-cache hash table entries: 2048 (order: 2, 16384 bytes)
[    0.014749] Mountpoint-cache hash table entries: 2048 (order: 2, 16384 bytes)
[    0.016249] Last level iTLB entries: 4KB 64, 2MB 8, 4MB 8
[    0.017223] Last level dTLB entries: 4KB 64, 2MB 0, 4MB 0, 1GB 4
[    0.018303] Spectre V1 : Mitigation: usercopy/swapgs barriers and __user pointer sanitization
[    0.020002] Spectre V2 : Mitigation: Full generic retpoline
[    0.021148] Spectre V2 : Spectre v2 / SpectreRSB mitigation: Filling RSB on context switch
[    0.024001] Speculative Store Bypass: Vulnerable
[    0.025169] SRBDS: Unknown: Dependent on hypervisor status
[    0.026211] MDS: Mitigation: Clear CPU buffers
[    0.027159] Freeing SMP alternatives memory: 36K
[    0.138334] smpboot: CPU0: Intel(R) Core(TM) i7-7820HQ CPU @ 2.90GHz (family: 0x6, model: 0x9e, stepping: 0x9)
[    0.140000] Performance Events: unsupported p6 CPU model 158 no PMU driver, software events only.
[    0.140029] Hierarchical SRCU implementation.
[    0.141495] NMI watchdog: Perf event create on CPU 0 failed with -2
[    0.142551] NMI watchdog: Perf NMI watchdog permanently disabled
[    0.144035] smp: Bringing up secondary CPUs ...
[    0.145674] x86: Booting SMP configuration:
[    0.146511] .... node  #0, CPUs:      #1
[    0.004000] kvm-clock: cpu 1, msr 0:3ff44041, secondary cpu clock
[    0.151754] smp: Brought up 1 node, 2 CPUs
[    0.152004] smpboot: Max logical packages: 1
[    0.152768] smpboot: Total of 2 processors activated (11615.99 BogoMIPS)
[    0.154804] devtmpfs: initialized
[    0.156043] x86/mm: Memory block size: 128MB
[    0.157033] evm: security.selinux
[    0.157672] evm: security.SMACK64
[    0.158304] evm: security.SMACK64EXEC
[    0.158995] evm: security.SMACK64TRANSMUTE
[    0.160002] evm: security.SMACK64MMAP
[    0.160693] evm: security.apparmor
[    0.161433] evm: security.ima
[    0.162007] evm: security.capability
[    0.162710] clocksource: jiffies: mask: 0xffffffff max_cycles: 0xffffffff, max_idle_ns: 7645041785100000 ns
[    0.164009] futex hash table entries: 512 (order: 3, 32768 bytes)
[    0.166114] pinctrl core: initialized pinctrl subsystem
[    0.168082] RTC time: 17:19:45, date: 10/23/20
[    0.169406] NET: Registered protocol family 16
[    0.170577] audit: initializing netlink subsys (disabled)
[    0.171579] audit: type=2000 audit(1603473590.309:1): state=initialized audit_enabled=0 res=1
[    0.172009] cpuidle: using governor ladder
[    0.172769] cpuidle: using governor menu
[    0.173518] ACPI: bus type PCI registered
[    0.176003] acpiphp: ACPI Hot Plug PCI Controller Driver version: 0.5
[    0.177218] PCI: Using configuration type 1 for base access
[    0.180019] HugeTLB registered 2.00 MiB page size, pre-allocated 0 pages
[    0.181756] ACPI: Added _OSI(Module Device)
[    0.181756] ACPI: Added _OSI(Processor Device)
[    0.184003] ACPI: Added _OSI(3.0 _SCP Extensions)
[    0.184873] ACPI: Added _OSI(Processor Aggregator Device)
[    0.185867] ACPI: Added _OSI(Linux-Dell-Video)
[    0.186693] ACPI: Added _OSI(Linux-Lenovo-NV-HDMI-Audio)
[    0.187660] ACPI: Added _OSI(Linux-HPI-Hybrid-Graphics)
[    0.188345] ACPI: Executed 1 blocks of module-level executable AML code
[    0.192488] ACPI: Interpreter enabled
[    0.193665] ACPI: (supports S0 S5)
[    0.194686] ACPI: Using IOAPIC for interrupt routing
[    0.195735] PCI: Using host bridge windows from ACPI; if necessary, use "pci=nocrs" and report a bug
[    0.196178] ACPI: Enabled 2 GPEs in block 00 to 07
[    0.206101] ACPI: PCI Root Bridge [PCI0] (domain 0000 [bus 00-ff])
[    0.208007] acpi PNP0A03:00: _OSC: OS supports [ASPM ClockPM Segments MSI]
[    0.209812] acpi PNP0A03:00: _OSC: not requesting OS control; OS requires [ExtendedConfig ASPM ClockPM MSI]
[    0.211545] acpi PNP0A03:00: fail to add MMCONFIG information, can't access extended PCI configuration space under this bridge.
[    0.212507] PCI host bridge to bus 0000:00
[    0.216003] pci_bus 0000:00: root bus resource [io  0x0000-0x0cf7 window]
[    0.217217] pci_bus 0000:00: root bus resource [io  0x0d00-0xffff window]
[    0.218432] pci_bus 0000:00: root bus resource [mem 0x000a0000-0x000bffff window]
[    0.220002] pci_bus 0000:00: root bus resource [mem 0x40000000-0xfdffffff window]
[    0.221425] pci_bus 0000:00: root bus resource [bus 00-ff]
[    0.225073] pci 0000:00:01.1: legacy IDE quirk: reg 0x10: [io  0x01f0-0x01f7]
[    0.226675] pci 0000:00:01.1: legacy IDE quirk: reg 0x14: [io  0x03f6]
[    0.227829] pci 0000:00:01.1: legacy IDE quirk: reg 0x18: [io  0x0170-0x0177]
[    0.228003] pci 0000:00:01.1: legacy IDE quirk: reg 0x1c: [io  0x0376]
[    0.243621] pci 0000:00:07.0: quirk: [io  0x4000-0x403f] claimed by PIIX4 ACPI
[    0.244019] pci 0000:00:07.0: quirk: [io  0x4100-0x410f] claimed by PIIX4 SMB
[    0.254841] ACPI: PCI Interrupt Link [LNKA] (IRQs 5 9 10 *11)
[    0.256279] ACPI: PCI Interrupt Link [LNKB] (IRQs 5 9 *10 11)
[    0.257816] ACPI: PCI Interrupt Link [LNKC] (IRQs 5 *9 10 11)
[    0.258964] ACPI: PCI Interrupt Link [LNKD] (IRQs 5 9 10 *11)
[    0.260346] SCSI subsystem initialized
[    0.261098] pci 0000:00:02.0: vgaarb: setting as boot VGA device
[    0.261501] pci 0000:00:02.0: vgaarb: VGA device added: decodes=io+mem,owns=io+mem,locks=none
[    0.264004] pci 0000:00:02.0: vgaarb: bridge control possible
[    0.265033] vgaarb: loaded
[    0.265583] ACPI: bus type USB registered
[    0.266343] usbcore: registered new interface driver usbfs
[    0.267349] usbcore: registered new interface driver hub
[    0.268014] usbcore: registered new device driver usb
[    0.269353] EDAC MC: Ver: 3.0.0
[    0.269353] PCI: Using ACPI for IRQ routing
[    0.272324] NetLabel: Initializing
[    0.273037] NetLabel:  domain hash size = 128
[    0.273836] NetLabel:  protocols = UNLABELED CIPSOv4 CALIPSO
[    0.274866] NetLabel:  unlabeled traffic allowed by default
[    0.276043] clocksource: Switched to clocksource kvm-clock
[    0.287403] VFS: Disk quotas dquot_6.6.0
[    0.288204] VFS: Dquot-cache hash table entries: 512 (order 0, 4096 bytes)
[    0.289522] AppArmor: AppArmor Filesystem Enabled
[    0.290417] pnp: PnP ACPI init
[    0.292252] pnp: PnP ACPI: found 3 devices
[    0.300826] clocksource: acpi_pm: mask: 0xffffff max_cycles: 0xffffff, max_idle_ns: 2085701024 ns
[    0.302965] NET: Registered protocol family 2
[    0.304324] TCP established hash table entries: 8192 (order: 4, 65536 bytes)
[    0.305598] TCP bind hash table entries: 8192 (order: 5, 131072 bytes)
[    0.307706] TCP: Hash tables configured (established 8192 bind 8192)
[    0.308900] UDP hash table entries: 512 (order: 2, 16384 bytes)
[    0.309960] UDP-Lite hash table entries: 512 (order: 2, 16384 bytes)
[    0.311114] NET: Registered protocol family 1
[    0.311934] pci 0000:00:00.0: Limiting direct PCI/PCI transfers
[    0.313042] pci 0000:00:01.0: Activating ISA DMA hang workarounds
[    0.314179] pci 0000:00:02.0: Video device with shadowed ROM at [mem 0x000c0000-0x000dffff]
[    0.315778] Unpacking initramfs...
[    0.583501] Freeing initrd memory: 19224K
[    0.585015] clocksource: tsc: mask: 0xffffffffffffffff max_cycles: 0x29dc03c1beb, max_idle_ns: 440795205215 ns
[    0.587992] platform rtc_cmos: registered platform RTC device (no PNP device found)
[    0.589449] Scanning for low memory corruption every 60 seconds
[    0.591176] Initialise system trusted keyrings
[    0.592425] Key type blacklist registered
[    0.593307] workingset: timestamp_bits=36 max_order=18 bucket_order=0
[    0.595360] zbud: loaded
[    0.596831] squashfs: version 4.0 (2009/01/31) Phillip Lougher
[    0.598675] fuse init (API version 7.26)
[    0.602436] Key type asymmetric registered
[    0.603520] Asymmetric key parser 'x509' registered
[    0.604664] Block layer SCSI generic (bsg) driver version 0.4 loaded (major 246)
[    0.606281] io scheduler noop registered
[    0.607550] io scheduler deadline registered
[    0.608533] io scheduler cfq registered (default)
[    0.609844] ACPI: AC Adapter [AC] (off-line)
[    0.610697] input: Power Button as /devices/LNXSYSTM:00/LNXPWRBN:00/input/input0
[    0.612333] ACPI: Power Button [PWRF]
[    0.613118] input: Sleep Button as /devices/LNXSYSTM:00/LNXSLPBN:00/input/input1
[    0.614474] ACPI: Sleep Button [SLPF]
[    0.616633] ACPI: Battery Slot [BAT0] (battery present)
[    0.617684] Serial: 8250/16550 driver, 32 ports, IRQ sharing enabled
[    0.640949] 00:02: ttyS0 at I/O 0x3f8 (irq = 4, base_baud = 115200) is a 16550A
[    0.646362] Linux agpgart interface v0.103
[    0.649177] loop: module loaded
[    0.651470] scsi host0: ata_piix
[    0.652794] scsi host1: ata_piix
[    0.653749] ata1: PATA max UDMA/33 cmd 0x1f0 ctl 0x3f6 bmdma 0xd000 irq 14
[    0.659653] ata2: PATA max UDMA/33 cmd 0x170 ctl 0x376 bmdma 0xd008 irq 15
[    0.661911] libphy: Fixed MDIO Bus: probed
[    0.664560] tun: Universal TUN/TAP device driver, 1.6
[    0.665809] PPP generic driver version 2.4.2
[    0.667110] ehci_hcd: USB 2.0 'Enhanced' Host Controller (EHCI) Driver
[    0.668573] ehci-pci: EHCI PCI platform driver
[    0.669441] ehci-platform: EHCI generic platform driver
[    0.670518] ohci_hcd: USB 1.1 'Open' Host Controller (OHCI) Driver
[    0.672031] ohci-pci: OHCI PCI platform driver
[    0.672913] ohci-platform: OHCI generic platform driver
[    0.673872] uhci_hcd: USB Universal Host Controller Interface driver
[    0.675063] i8042: PNP: PS/2 Controller [PNP0303:PS2K,PNP0f03:PS2M] at 0x60,0x64 irq 1,12
[    0.676976] serio: i8042 KBD port at 0x60,0x64 irq 1
[    0.677910] serio: i8042 AUX port at 0x60,0x64 irq 12
[    0.679043] mousedev: PS/2 mouse device common for all mice
[    0.680989] rtc_cmos rtc_cmos: rtc core: registered rtc_cmos as rtc0
[    0.682510] rtc_cmos rtc_cmos: alarms up to one day, 114 bytes nvram
[    0.683715] i2c /dev entries driver
[    0.684992] input: AT Translated Set 2 keyboard as /devices/platform/i8042/serio0/input/input2
[    0.686990] device-mapper: uevent: version 1.0.3
[    0.688545] device-mapper: ioctl: 4.37.0-ioctl (2017-09-20) initialised: dm-devel@redhat.com
[    0.690296] ledtrig-cpu: registered to indicate activity on CPUs
[    0.691865] NET: Registered protocol family 10
[    0.696461] Segment Routing with IPv6
[    0.697361] NET: Registered protocol family 17
[    0.698266] Key type dns_resolver registered
[    0.699667] mce: Using 0 MCE banks
[    0.700408] RAS: Correctable Errors collector initialized.
[    0.701737] sched_clock: Marking stable (700389196, 0)->(846665796, -146276600)
[    0.703545] registered taskstats version 1
[    0.704638] Loading compiled-in X.509 certificates
[    0.708043] Loaded X.509 cert 'Build time autogenerated kernel key: 517b2180bafe62ad6f81db3336688475b28504c0'
[    0.709974] zswap: loaded using pool lzo/zbud
[    0.714350] Key type big_key registered
[    0.715151] Key type trusted registered
[    0.717450] Key type encrypted registered
[    0.718245] AppArmor: AppArmor sha1 policy hashing enabled
[    0.719963] ima: No TPM chip found, activating TPM-bypass! (rc=-19)
[    0.721500] ima: Allocated hash algorithm: sha1
[    0.722442] evm: HMAC attrs: 0x1
[    0.723398]   Magic number: 8:827:340
[    0.724581] rtc_cmos rtc_cmos: setting system clock to 2020-10-23 17:19:45 UTC (1603473585)
[    0.726447] BIOS EDD facility v0.16 2004-Jun-25, 0 devices found
[    0.727551] EDD information not available.
[    0.845782] Freeing unused kernel image memory: 2436K
[    0.955600] Write protecting the kernel read-only data: 20480k
[    0.957960] Freeing unused kernel image memory: 2008K
[    0.959345] Freeing unused kernel image memory: 1872K
[    0.966137] x86/mm: Checked W+X mappings: passed, no W+X pages found.
[    0.968298] x86/mm: Checking user space page tables
[    0.974683] x86/mm: Checked W+X mappings: passed, no W+X pages found.
Loading, please wait...
starting version 237
[    1.034631] Fusion MPT base driver 3.04.20
[    1.036106] Copyright (c) 1999-2008 LSI Corporation
[    1.038054] e1000: Intel(R) PRO/1000 Network Driver - version 7.3.21-k8-NAPI
[    1.039330] e1000: Copyright (c) 1999-2006 Intel Corporation.
[    1.052205] AVX2 version of gcm_enc/dec engaged.
[    1.053936] AES CTR mode by8 optimization enabled
[    1.057569] Fusion MPT SPI Host driver 3.04.20
[    1.256558] input: ImExPS/2 Generic Explorer Mouse as /devices/platform/i8042/serio1/input/input4
[    1.603973] e1000 0000:00:03.0 eth0: (PCI:33MHz:32-bit) 02:c6:b0:25:69:cb
[    1.605626] e1000 0000:00:03.0 eth0: Intel(R) PRO/1000 Network Connection
[    1.608588] mptbase: ioc0: Initiating bringup
[    2.122616] ioc0: LSI53C1030 A0: Capabilities={Initiator}
[    4.733566] scsi host2: ioc0: LSI53C1030 A0, FwRev=00000000h, Ports=1, MaxQ=256, IRQ=20
[    5.957239] scsi 2:0:0:0: Direct-Access     VBOX     HARDDISK         1.0  PQ: 0 ANSI: 5
[    5.988612] scsi target2:0:0: Beginning Domain Validation
[    6.019807] scsi target2:0:0: Domain Validation skipping write tests
[    6.021557] scsi target2:0:0: Ending Domain Validation
[    6.036057] scsi target2:0:0: asynchronous
[    6.051377] scsi 2:0:1:0: Direct-Access     VBOX     HARDDISK         1.0  PQ: 0 ANSI: 5
[    6.085088] scsi target2:0:1: Beginning Domain Validation
[    6.088497] random: fast init done
[    6.089284] scsi target2:0:1: Domain Validation skipping write tests
[    6.090454] scsi target2:0:1: Ending Domain Validation
[    6.091481] scsi target2:0:1: asynchronous
[    6.097200] sd 2:0:0:0: [sda] 20971520 512-byte logical blocks: (10.7 GB/10.0 GiB)
[    6.099508] sd 2:0:0:0: [sda] Write Protect is off
[    6.100873] sd 2:0:0:0: [sda] Incomplete mode parameter data
[    6.101239] random: systemd-udevd: uninitialized urandom read (16 bytes read)
[    6.101944] sd 2:0:0:0: [sda] Assuming drive cache: write through
[    6.103249] random: systemd-udevd: uninitialized urandom read (16 bytes read)
[    6.104391] sd 2:0:0:0: Attached scsi generic sg0 type 0
[    6.105672] random: systemd-udevd: uninitialized urandom read (16 bytes read)
[    6.111030] sd 2:0:1:0: Attached scsi generic sg1 type 0
[    6.112929]  sda: sda1
[    6.116227] sd 2:0:1:0: [sdb] 20480 512-byte logical blocks: (10.5 MB/10.0 MiB)
[    6.116799] sd 2:0:0:0: [sda] Attached SCSI disk
[    6.122387] sd 2:0:1:0: [sdb] Write Protect is off
[    6.128171] sd 2:0:1:0: [sdb] Incomplete mode parameter data
[    6.130558] sd 2:0:1:0: [sdb] Assuming drive cache: write through
[    6.134489] sd 2:0:1:0: [sdb] Attached SCSI disk
[    6.374041] e1000 0000:00:08.0 eth1: (PCI:33MHz:32-bit) 08:00:27:e9:23:ec
[    6.375807] e1000 0000:00:08.0 eth1: Intel(R) PRO/1000 Network Connection
[    6.378055] e1000 0000:00:08.0 enp0s8: renamed from eth1
[    6.416168] e1000 0000:00:03.0 enp0s3: renamed from eth0
Begin: Loading essential drivers ... [    8.268100] raid6: sse2x1   gen() 11592 MB/s
[    8.319371] raid6: sse2x1   xor()  9303 MB/s
[    8.368088] raid6: sse2x2   gen() 14536 MB/s
[    8.421335] raid6: sse2x2   xor() 11151 MB/s
[    8.471603] raid6: sse2x4   gen() 18329 MB/s
[    8.520370] raid6: sse2x4   xor() 10080 MB/s
[    8.568305] raid6: avx2x1   gen() 24101 MB/s
[    8.621991] raid6: avx2x1   xor() 19287 MB/s
[    8.668470] raid6: avx2x2   gen() 26368 MB/s
[    8.716601] raid6: avx2x2   xor() 17479 MB/s
[    8.764025] raid6: avx2x4   gen() 30523 MB/s
[    8.812076] raid6: avx2x4   xor() 18941 MB/s
[    8.813718] raid6: using algorithm avx2x4 gen() 30523 MB/s
[    8.815807] raid6: .... xor() 18941 MB/s, rmw enabled
[    8.817018] raid6: using avx2x2 recovery algorithm
[    8.819165] xor: automatically using best checksumming function   avx       
[    8.821854] async_tx: api initialized (async)
done.
Begin: Running /scripts/init-premount ... done.
Begin: Mounting root file system ... Begin: Running /scripts/local-top ... done.
Begin: Running /scripts/local-premount ... [    8.863127] Btrfs loaded, crc32c=crc32c-intel
Scanning for Btrfs filesystems
done.
Warning: fsck not present, so skipping root file system
[    8.881603] EXT4-fs (sda1): mounted filesystem with ordered data mode. Opts: (null)
done.
Begin: Running /scripts/local-bottom ... done.
Begin: Running /scripts/init-bottom ... done.
[    9.000453] ip_tables: (C) 2000-2006 Netfilter Core Team
[    9.006648] systemd[1]: systemd 237 running in system mode. (+PAM +AUDIT +SELINUX +IMA +APPARMOR +SMACK +SYSVINIT +UTMP +LIBCRYPTSETUP +GCRYPT +GNUTLS +ACL +XZ +LZ4 +SECCOMP +BLKID +ELFUTILS +KMOD -IDN2 +IDN -PCRE2 default-hierarchy=hybrid)
[    9.010579] systemd[1]: Detected virtualization oracle.
[    9.011553] systemd[1]: Detected architecture x86-64.

Welcome to [1mUbuntu 18.04.5 LTS[0m!

[    9.016242] systemd[1]: Set hostname to <ubuntu>.
[    9.019619] systemd[1]: Initializing machine ID from random generator.
[    9.020884] systemd[1]: Installed transient /etc/machine-id file.
[    9.187780] systemd[1]: Reached target System Time Synchronized.
[[0;32m  OK  [0m] Reached target System Time Synchronized.
[    9.190040] systemd[1]: Set up automount Arbitrary Executable File Formats File System Automount Point.
[[0;32m  OK  [0m] Set up automount Arbitrary Executabâ€¦rmats File System Automount Point.
[    9.194126] systemd[1]: Created slice User and Session Slice.
[[0;32m  OK  [0m] Created slice User and Session Slice.
[    9.196147] systemd[1]: Started Forward Password Requests to Wall Directory Watch.
[[0;32m  OK  [0m] Started Forward Password Requests to Wall Directory Watch.
[[0;32m  OK  [0m] Reached target User and Group Name Lookups.
[[0;32m  OK  [0m] Created slice System Slice.
[[0;32m  OK  [0m] Listening on Syslog Socket.
[[0;32m  OK  [0m] Listening on Network Service Netlink Socket.
[[0;32m  OK  [0m] Reached target Slices.
[[0;32m  OK  [0m] Listening on Journal Socket.
         Starting Uncomplicated firewall...
[[0;32m  OK  [0m] Listening on Device-mapper event daemon FIFOs.
         Starting Create list of required stâ€¦ce nodes for the current kernel...
[[0;32m  OK  [0m] Listening on LVM2 poll daemon socket.
         Starting Remount Root and Kernel File Systems...
         Mounting POSIX Message Queue File System...
[    9.624553] EXT4-fs (sda1): re-mounted. Opts: (null)
[[0;32m  OK  [0m] Listening on /dev/initctl Compatibility Named Pipe.
[[0;32m  OK  [0m] Listening on Journal Socket (/dev/log).
         Starting Set the console keyboard layout...
         Starting Load Kernel Modules...
[[0;32m  OK  [0m] Listening on udev Control Socket.
[[0;32m  OK  [0m] Listening on Journal Audit Socket.
[[0;32m  OK  [0m] Listening on LVM2 metadata daemon socket.
         Starting Monitoring of LVM2 mirrorsâ€¦ng dmeventd or progress polling...
[    9.675494] Loading iSCSI transport class v2.0-870.
         Mounting Huge Pages File System...
[[0;32m  OK  [0m] Reached target Swap.
         Mounting Kernel Debug File System...
[    9.681925] iscsi: registered transport (tcp)
[[0;32m  OK  [0m] Created slice system-serial\x2dgetty.slice.
         Starting Journal Service...
[[0;32m  OK  [0m] Listening on udev Kernel Socket.
[    9.696370] iscsi: registered transport (iser)
         Starting udev Coldplug all Devices...
[[0;32m  OK  [0m] Started Uncomplicated firewall.
[[0;32m  OK  [0m] Started Create list of required staâ€¦vice nodes for the current kernel.
[[0;32m  OK  [0m] Started Remount Root and Kernel File Systems.
[[0;32m  OK  [0m] Mounted POSIX Message Queue File System.
[[0;32m  OK  [0m] Started Journal Service.
[[0;32m  OK  [0m] Started Load Kernel Modules.
[[0;32m  OK  [0m] Mounted Huge Pages File System.
[[0;32m  OK  [0m] Mounted Kernel Debug File System.
[[0;32m  OK  [0m] Started LVM2 metadata daemon.
         Mounting FUSE Control File System...
         Starting Apply Kernel Variables...
         Mounting Kernel Configuration File System...
         Starting Flush Journal to Persistent Storage...
         Starting Load/Save Random Seed...
         Starting Create Static Device Nodes in /dev...
[[0;32m  OK  [0m] Started Set the console keyboard layout.
[[0;32m  OK  [0m] Started Monitoring of LVM2 mirrors,â€¦sing dmeventd or progress polling.
[[0;32m  OK  [0m] Mounted FUSE Control File System.
[[0;32m  OK  [0m] Mounted Kernel Configuration File System.
[[0;32m  OK  [0m] Started udev Coldplug all Devices.
[[0;32m  OK  [0m] Started Load/Save Random Seed.
[[0;32m  OK  [0m] Started Create Static Device Nodes in /dev.
[[0;32m  OK  [0m] Started Apply Kernel Variables.
         Starting udev Kernel Device Manager...
[[0;32m  OK  [0m] Reached target Local File Systems (Pre).
[[0;32m  OK  [0m] Reached target Local File Systems.
         Starting Tell Plymouth To Write Out Runtime Data...
         Starting ebtables ruleset management...
         Starting AppArmor initialization...
         Starting Commit a transient machine-id on disk...
         Starting Set console font and keymap...
[[0;32m  OK  [0m] Started Flush Journal to Persistent Storage.
[[0;32m  OK  [0m] Started udev Kernel Device Manager.
[[0;32m  OK  [0m] Started Dispatch Password Requests to Console Directory Watch.
[[0;32m  OK  [0m] Reached target Local Encrypted Volumes.
         Starting Create Volatile Files and Directories...
[[0;32m  OK  [0m] Started Tell Plymouth To Write Out Runtime Data.
[[0;32m  OK  [0m] Started Set console font and keymap.
[[0;32m  OK  [0m] Started Create Volatile Files and Directories.
         Starting Update UTMP about System Boot/Shutdown...
[[0;32m  OK  [0m] Started Update UTMP about System Boot/Shutdown.
[[0;32m  OK  [0m] Started Commit a transient machine-id on disk.
[[0;32m  OK  [0m] Started ebtables ruleset management.
[[0;32m  OK  [0m] Found device /dev/ttyS0.
[[0;32m  OK  [0m] Listening on Load/Save RF Kill Switch Status /dev/rfkill Watch.
[[0;32m  OK  [0m] Started AppArmor initialization.
         Starting Load AppArmor profiles managed internally by snapd...
         Starting Initial cloud-init job (pre-networking)...
[[0;32m  OK  [0m] Started Load AppArmor profiles managed internally by snapd.
[   11.511775] cloud-init[571]: Cloud-init v. 20.3-2-g371b392c-0ubuntu1~18.04.1 running 'init-local' at Fri, 23 Oct 2020 17:19:55 +0000. Up 11.22 seconds.
[[0;32m  OK  [0m] Started Initial cloud-init job (pre-networking).
[[0;32m  OK  [0m] Reached target Network (Pre).
         Starting Network Service...
[[0;32m  OK  [0m] Started Network Service.
         Starting Wait for Network to be Configured...
         Starting Network Name Resolution...
[[0;32m  OK  [0m] Started Network Name Resolution.
[[0;32m  OK  [0m] Reached target Host and Network Name Lookups.
[[0;32m  OK  [0m] Reached target Network.
[[0;32m  OK  [0m] Started Wait for Network to be Configured.
         Starting Initial cloud-init job (metadata service crawler)...
[   13.728490] cloud-init[688]: Cloud-init v. 20.3-2-g371b392c-0ubuntu1~18.04.1 running 'init' at Fri, 23 Oct 2020 17:19:58 +0000. Up 13.58 seconds.
[   13.730716] cloud-init[688]: ci-info: ++++++++++++++++++++++++++++++++++++++Net device info+++++++++++++++++++++++++++++++++++++++
[   13.732751] cloud-init[688]: ci-info: +--------+-------+----------------------------+---------------+--------+-------------------+
[   13.734110] cloud-init[688]: ci-info: | Device |   Up  |          Address           |      Mask     | Scope  |     Hw-Address    |
[   13.744337] cloud-init[688]: ci-info: +--------+-------+----------------------------+---------------+--------+-------------------+
[   13.746130] cloud-init[688]: ci-info: | enp0s3 |  True |         10.0.2.15          | 255.255.255.0 | global | 02:c6:b0:25:69:cb |
[   13.747878] cloud-init[688]: ci-info: | enp0s3 |  True | fe80::c6:b0ff:fe25:69cb/64 |       .       |  link  | 02:c6:b0:25:69:cb |
[   13.749596] cloud-init[688]: ci-info: | enp0s8 | False |             .              |       .       |   .    | 08:00:27:e9:23:ec |
[   13.751522] cloud-init[688]: ci-info: |   lo   |  True |         127.0.0.1          |   255.0.0.0   |  host  |         .         |
[   13.754296] cloud-init[688]: ci-info: |   lo   |  True |          ::1/128           |       .       |  host  |         .         |
[   13.764524] cloud-init[688]: ci-info: +--------+-------+----------------------------+---------------+--------+-------------------+
[   13.767120] cloud-init[688]: ci-info: ++++++++++++++++++++++++++++Route IPv4 info+++++++++++++++++++++++++++++
[   13.769524] cloud-init[688]: ci-info: +-------+-------------+----------+-----------------+-----------+-------+
[   13.771531] cloud-init[688]: ci-info: | Route | Destination | Gateway  |     Genmask     | Interface | Flags |
[   13.773812] cloud-init[688]: ci-info: +-------+-------------+----------+-----------------+-----------+-------+
[   13.776273] cloud-init[688]: ci-info: |   0   |   0.0.0.0   | 10.0.2.2 |     0.0.0.0     |   enp0s3  |   UG  |
[   13.778273] cloud-init[688]: ci-info: |   1   |   10.0.2.0  | 0.0.0.0  |  255.255.255.0  |   enp0s3  |   U   |
[   13.792228] cloud-init[688]: ci-info: |   2   |   10.0.2.2  | 0.0.0.0  | 255.255.255.255 |   enp0s3  |   UH  |
[   13.794566] cloud-init[688]: ci-info: +-------+-------------+----------+-----------------+-----------+-------+
[   13.796469] cloud-init[688]: ci-info: +++++++++++++++++++Route IPv6 info+++++++++++++++++++
[   13.798335] cloud-init[688]: ci-info: +-------+-------------+---------+-----------+-------+
[   13.799998] cloud-init[688]: ci-info: | Route | Destination | Gateway | Interface | Flags |
[   13.801748] cloud-init[688]: ci-info: +-------+-------------+---------+-----------+-------+
[   13.803587] cloud-init[688]: ci-info: |   1   |  fe80::/64  |    ::   |   enp0s3  |   U   |
[   13.805642] cloud-init[688]: ci-info: |   3   |    local    |    ::   |   enp0s3  |   U   |
[   13.807269] cloud-init[688]: ci-info: |   4   |   ff00::/8  |    ::   |   enp0s3  |   U   |
[   13.809103] cloud-init[688]: ci-info: +-------+-------------+---------+-----------+-------+
[   14.425004] cloud-init[688]: Generating public/private rsa key pair.
[   14.426824] cloud-init[688]: Your identification has been saved in /etc/ssh/ssh_host_rsa_key.
[   14.428695] cloud-init[688]: Your public key has been saved in /etc/ssh/ssh_host_rsa_key.pub.
[   14.430735] cloud-init[688]: The key fingerprint is:
[   14.431802] cloud-init[688]: SHA256:NNrp2kUDUd5UWxwPPDBDtMDwJiYwzNBMvnMEMGcYyK0 root@ubuntu-bionic
[   14.433662] cloud-init[688]: The key's randomart image is:
[   14.434876] cloud-init[688]: +---[RSA 2048]----+
[   14.435837] cloud-init[688]: |..*@B   o+ooB+ooo|
[   14.436645] cloud-init[688]: |...*=+   +.+ +o+o|
[   14.437680] cloud-init[688]: |  . . o * + o ...|
[   14.438927] cloud-init[688]: | E   o * *       |
[   14.440163] cloud-init[688]: |    o o S o      |
[   14.440928] cloud-init[688]: |     o . . .     |
[   14.441663] cloud-init[688]: |        . .      |
[   14.442402] cloud-init[688]: |       o .       |
[   14.443128] cloud-init[688]: |      . .        |
[   14.443853] cloud-init[688]: +----[SHA256]-----+
[   14.444634] cloud-init[688]: Generating public/private dsa key pair.
[   14.445628] cloud-init[688]: Your identification has been saved in /etc/ssh/ssh_host_dsa_key.
[   14.446925] cloud-init[688]: Your public key has been saved in /etc/ssh/ssh_host_dsa_key.pub.
[   14.448226] cloud-init[688]: The key fingerprint is:
[   14.449029] cloud-init[688]: SHA256:ksOyvJIUi7SXZQNG8KRbsLOuz2d24DSwTBrdtJLpbk8 root@ubuntu-bionic
[   14.450407] cloud-init[688]: The key's randomart image is:
[   14.451350] cloud-init[688]: +---[DSA 1024]----+
[   14.452064] cloud-init[688]: | ooo             |
[   14.452816] cloud-init[688]: |  *o.            |
[   14.453723] cloud-init[688]: | =.B..           |
[   14.454490] cloud-init[688]: |..& o= .         |
[   14.464949] cloud-init[688]: |.X.*= * S        |
[   14.465805] cloud-init[688]: |+.*++o o         |
[   14.466412] cloud-init[688]: | +.+Eo           |
[   14.477257] cloud-init[688]: |..=.=..          |
[   14.478800] cloud-init[688]: |.oo*o.           |
[   14.479739] cloud-init[688]: +----[SHA256]-----+
[   14.480451] cloud-init[688]: Generating public/private ecdsa key pair.
[   14.492780] cloud-init[688]: Your identification has been saved in /etc/ssh/ssh_host_ecdsa_key.
[   14.494581] cloud-init[688]: Your public key has been saved in /etc/ssh/ssh_host_ecdsa_key.pub.
[   14.496274] cloud-init[688]: The key fingerprint is:
[   14.497332] cloud-init[688]: SHA256:WUwdcE1UC4+RjMW9d7FyFplt44adXJAwJgULKsli8Q0 root@ubuntu-bionic
[   14.499265] cloud-init[688]: The key's randomart image is:
[   14.500562] cloud-init[688]: +---[ECDSA 256]---+
[   14.501504] cloud-init[688]: |  . E   . ==%X*+=|
[   14.502460] cloud-init[688]: |   + + . + *.=BB=|
[   14.503356] cloud-init[688]: |  o = o   +  .=+O|
[   14.504364] cloud-init[688]: | . . .   o   o @o|
[   14.505221] cloud-init[688]: |        S     = o|
[   14.506325] cloud-init[688]: |                 |
[   14.507305] cloud-init[688]: |                 |
[   14.508463] cloud-init[688]: |                 |
[   14.509472] cloud-init[688]: |                 |
[   14.510336] cloud-init[688]: +----[SHA256]-----+
[   14.511224] cloud-init[688]: Generating public/private ed25519 key pair.
[   14.512505] cloud-init[688]: Your identification has been saved in /etc/ssh/ssh_host_ed25519_key.
[   14.524287] cloud-init[688]: Your public key has been saved in /etc/ssh/ssh_host_ed25519_key.pub.
[   14.526010] cloud-init[688]: The key fingerprint is:
[[0;32m  OK  [0m] Started Initial cloud-init job (metadata service crawler).
[   14.541602] cloud-init[688]: SHA256:btDDolMEIdEGEuKFhRNhkMkSzlkUhyoI3NFrkkBn+2o root@ubuntu-bionic
[[0;32m  OK  [0m] Reached target Cloud-config availability.
[[0;32m  OK  [0m] Reached target Network is Online.
[[0;32m  OK  [0m] Reached target Remote File Systems (Pre).
[[0;32m  OK  [0m] Reached target Remote File Systems.
         Starting Availability of block devices...
[[0;32m  OK  [0m] Reached target System Initialization.
[   14.542924] cloud-init[688]:          Starting Socket activation for snappy daemon.
The key's randomart image is:
         Starting LXD - unix socket.
[   14.558524] cloud-init[688]: +--[ED25519 256]--+
[[0;32m  OK  [0m] Started Daily Cleanup of Temporary Directories.
[[0;32m  OK  [0m] Listening on Open-iSCSI iscsid Socket.
[[0;32m  OK  [0m] Listening on D-Bus System Message Bus Socket.
[   14.560098] [[0;32m  OK  [0m] Started Discard unused blocks once a week.
[[0;32m  OK  [0m] Started ACPI Events Check.
[[0;32m  OK  [0m] Started Message of the Day.
[[0;32m  OK  [0m] Listening on UUID daemon activation socket.
[[0;32m  OK  [0m] Reached target Paths.
[[0;32m  OK  [0m] Started Daily apt download activities.
[[0;32m  OK  [0m] Started Daily apt upgrade and clean activities.
[[0;32m  OK  [0m] Reached target Timers.
[[0;32m  OK  [0m] Listening on ACPID Listen Socket.
[[0;32m  OK  [0m] Started Availability of block devices.
cloud-init[[0;32m  OK  [0m] Listening on Socket activation for snappy daemon.
[[0;32m  OK  [0m] Listening on LXD - unix socket.
[[0;32m  OK  [0m] Reached target Sockets.
[[0;32m  OK  [0m] Reached target Basic System.
[688]: [[0;32m  OK  [0m] Started Regular background program processing daemon.
         Starting Login Service...
         Starting Virtualbox guest utils...
|@X%&Bo           |
         Starting LSB: Record successful boot for GRUB...
         Starting LXD - container startup/shutdown...
[[0;32m  OK  [0m] Started FUSE filesystem for LXC.
[   14.579962] cloud-init[688]: |@O*+=o           |
[   14.586344] cloud-init[688]: |+=+o. o          |
         Starting LSB: automatic crash report generation...
         Starting Permit User Sessions...
[   14.590788] cloud-init[688]: |o. o.+ o         |
[   14.596181] cloud-init[688]: |.   o.+ S        |
[   14.608279] cloud-init[688]: |    .o + .       |
[   14.609007] cloud-init[688]: |   Eo   o        |
[   14.611338] cloud-init[688]: |  .  . .         |
[   14.612893] cloud-init[688]: |                 |
[   14.613915] cloud-init[688]: +----[SHA256]-----+
         Starting Dispatcher daemon for systemd-networkd...
[[0;32m  OK  [0m] Started Deferred execution scheduler.
         Starting Pollinate to seed the pseudo random number generator...
         Starting System Logging Service...
[[0;32m  OK  [0m] Started irqbalance daemon.
         Starting Accounts Service...
[[0;32m  OK  [0m] Started D-Bus System Message Bus.
         Starting Snap Daemon...
[[0;32m  OK  [0m] Started System Logging Service.
[[0;32m  OK  [0m] Started LXD - container startup/shutdown.
[[0;32m  OK  [0m] Started Permit User Sessions.
[[0;32m  OK  [0m] Started Login Service.
         Starting Authorization Manager...
[[0;32m  OK  [0m] Started Unattended Upgrades Shutdown.
         Starting Terminate Plymouth Boot Screen...
         Starting Hold until boot process finishes up...
[[0;32m  OK  [0m] Started Hold until boot process finishes up.
[[0;32m  OK  [0m] Started Serial Getty on ttyS0.
         Starting Set console scheme...
[[0;32m  OK  [0m] Started Terminate Plymouth Boot Screen.
[[0;32m  OK  [0m] Started Set console scheme.
[[0;32m  OK  [0m] Created slice system-getty.slice.
[[0;32m  OK  [0m] Started Getty on tty1.
[[0;32m  OK  [0m] Reached target Login Prompts.
[[0;32m  OK  [0m] Started LSB: automatic crash report generation.
[[0;32m  OK  [0m] Started Dispatcher daemon for systemd-networkd.
[[0;32m  OK  [0m] Started LSB: Record successful boot for GRUB.
[[0;32m  OK  [0m] Started Virtualbox guest utils.
[[0;32m  OK  [0m] Started Authorization Manager.
[[0;32m  OK  [0m] Started Accounts Service.
[[0;32m  OK  [0m] Started Snap Daemon.
         Starting Wait until snapd is fully seeded...
[[0;32m  OK  [0m] Started Pollinate to seed the pseudo random number generator.
         Starting OpenBSD Secure Shell server...
[[0;32m  OK  [0m] Started OpenBSD Secure Shell server.
[[0;32m  OK  [0m] Created slice User Slice of vagrant.
         Starting User Manager for UID 1000...
[[0;32m  OK  [0m] Started Session 1 of user vagrant.
[[0;32m  OK  [0m] Started User Manager for UID 1000.
[[0;32m  OK  [0m] Started Wait until snapd is fully seeded.
[[0;32m  OK  [0m] Reached target Multi-User System.
[[0;32m  OK  [0m] Reached target Graphical Interface.
         Starting Update UTMP about System Runlevel Changes...
         Starting Apply the settings specified in cloud-config...
[[0;32m  OK  [0m] Started Update UTMP about System Runlevel Changes.
[   17.638506] cloud-init[1312]: Cloud-init v. 20.3-2-g371b392c-0ubuntu1~18.04.1 running 'modules:config' at Fri, 23 Oct 2020 17:20:02 +0000. Up 17.33 seconds.
[[0;32m  OK  [0m] Started Apply the settings specified in cloud-config.
         Starting Execute cloud user/final scripts...
         Stopping User Manager for UID 1000...
[[0;32m  OK  [0m] Stopped User Manager for UID 1000.
[[0;32m  OK  [0m] Removed slice User Slice of vagrant.
[[0;32m  OK  [0m] Created slice User Slice of vagrant.
ci-info: no authorized SSH keys fingerprints found for user ubuntu.
         Starting User Manager for UID 1000...
[[0;32m  OK  [0m] Started Session 3 of user vagrant.
<14>Oct 23 17:20:02 ec2: 
<14>Oct 23 17:20:02 ec2: #############################################################
<14>Oct 23 17:20:02 ec2: -----BEGIN SSH HOST KEY FINGERPRINTS-----
<14>Oct 23 17:20:02 ec2: 1024 SHA256:ksOyvJIUi7SXZQNG8KRbsLOuz2d24DSwTBrdtJLpbk8 root@ubuntu-bionic (DSA)
<14>Oct 23 17:20:02 ec2: 256 SHA256:WUwdcE1UC4+RjMW9d7FyFplt44adXJAwJgULKsli8Q0 root@ubuntu-bionic (ECDSA)
<14>Oct 23 17:20:02 ec2: 256 SHA256:btDDolMEIdEGEuKFhRNhkMkSzlkUhyoI3NFrkkBn+2o root@ubuntu-bionic (ED25519)
<14>Oct 23 17:20:02 ec2: 2048 SHA256:NNrp2kUDUd5UWxwPPDBDtMDwJiYwzNBMvnMEMGcYyK0 root@ubuntu-bionic (RSA)
<14>Oct 23 17:20:02 ec2: -----END SSH HOST KEY FINGERPRINTS-----
<14>Oct 23 17:20:02 ec2: #############################################################
-----BEGIN SSH HOST KEY KEYS-----
ecdsa-sha2-nistp256 AAAAE2VjZHNhLXNoYTItbmlzdHAyNTYAAAAIbmlzdHAyNTYAAABBBGMej3Kbhq3fhe+fcb2LyQ5bxX/h7oSPidnGL8ersC7GBzTsgtPoPuNC2WKPaMVyZMynOn0dXtMK3sf9j0GvS6Y= root@ubuntu-bionic
ssh-ed25519 AAAAC3NzaC1lZDI1NTE5AAAAIDNCQbNiakBiB1AMlJ84LcDCGZPanIznPuj13/SNA7Ih root@ubuntu-bionic
ssh-rsa AAAAB3NzaC1yc2EAAAADAQABAAABAQC50/4VP1CuIJgTa1Lklfx00QEEqfgttg3o2ZhXEpekQesXjM//hAaR8yrlkKa7Cn3dQV4cY8JU+AM1upYnwWvaOuiBRYOXF5UzcDqKlaaNAFhbPwN94hv+0bzRyef7PFNfN+emy+rrhaAJDi/jq6TWydgMQ1F9r2lkXbOefrtmziqcJ6rRR8Hbor7szDG8RwLirLHwW8x76DwmY2kyAJRnq28ewRY4NFwoeD8MsftZdMEvN2OP8cxlgPx/J4GjnfKuX58U6KO2GBzBDYCezYuwbjnIzuDFEWkiXJDJocn9wJvYXKP3WLBbQo7YRpZpestEGRsgEVkJTJc0T/Wsxy+/ root@ubuntu-bionic
-----END SSH HOST KEY KEYS-----
[[0;32m  OK  [0m] Started User Manager for UID 1000.
[   18.229227] cloud-init[1483]: Cloud-init v. 20.3-2-g371b392c-0ubuntu1~18.04.1 running 'modules:final' at Fri, 23 Oct 2020 17:20:02 +0000. Up 18.07 seconds.
[   18.248267] cloud-init[1483]: ci-info: no authorized SSH keys fingerprints found for user ubuntu.
[   18.260250] cloud-init[1483]: Cloud-init v. 20.3-2-g371b392c-0ubuntu1~18.04.1 finished at Fri, 23 Oct 2020 17:20:02 +0000. Datasource DataSourceNoCloud [seed=/dev/sdb][dsmode=net].  Up 18.22 seconds
[[0;32m  OK  [0m] Started Execute cloud user/final scripts.
[[0;32m  OK  [0m] Reached target Cloud-init target.

Ubuntu 18.04.5 LTS ubuntu-bionic ttyS0

ubuntu-bionic login: 